============================= test session starts =============================
platform win32 -- Python 3.13.6, pytest-9.0.2, pluggy-1.6.0
rootdir: D:\Project\Buddy
plugins: anyio-3.7.1
collected 6 items

backend\tests\test_api.py EEEEEE                                         [100%]

=================================== ERRORS ====================================
____________________ ERROR at setup of test_create_persona ____________________

session = <sqlmodel.orm.session.Session object at 0x000001D242EB16A0>

    @pytest.fixture(name="client")
    def client_fixture(session: Session):
        def get_session_override():
            return session
    
        app.dependency_overrides[get_session] = get_session_override
>       client = TestClient(app)
                 ^^^^^^^^^^^^^^^

backend\tests\conftest.py:38: 
_ _ _ _ _ _ _ _ _ _ _ _ _ _ _ _ _ _ _ _ _ _ _ _ _ _ _ _ _ _ _ _ _ _ _ _ _ _ _ _

self = <starlette.testclient.TestClient object at 0x000001D242EB1400>
app = <fastapi.applications.FastAPI object at 0x000001D242C6DE80>
base_url = 'http://testserver', raise_server_exceptions = True, root_path = ''
backend = 'asyncio', backend_options = None, cookies = None
headers = {'user-agent': 'testclient'}

    def __init__(
        self,
        app: ASGIApp,
        base_url: str = "http://testserver",
        raise_server_exceptions: bool = True,
        root_path: str = "",
        backend: str = "asyncio",
        backend_options: typing.Optional[typing.Dict[str, typing.Any]] = None,
        cookies: httpx._client.CookieTypes = None,
        headers: typing.Dict[str, str] = None,
    ) -> None:
        self.async_backend = _AsyncBackend(
            backend=backend, backend_options=backend_options or {}
        )
        if _is_asgi3(app):
            app = typing.cast(ASGI3App, app)
            asgi_app = app
        else:
            app = typing.cast(ASGI2App, app)  # type: ignore[assignment]
            asgi_app = _WrapASGI2(app)  # type: ignore[arg-type]
        self.app = asgi_app
        self.app_state: typing.Dict[str, typing.Any] = {}
        transport = _TestClientTransport(
            self.app,
            portal_factory=self._portal_factory,
            raise_server_exceptions=raise_server_exceptions,
            root_path=root_path,
            app_state=self.app_state,
        )
        if headers is None:
            headers = {}
        headers.setdefault("user-agent", "testclient")
>       super().__init__(
            app=self.app,
            base_url=base_url,
            headers=headers,
            transport=transport,
            follow_redirects=True,
            cookies=cookies,
        )
E       TypeError: Client.__init__() got an unexpected keyword argument 'app'

C:\Users\WoodMe\AppData\Roaming\Python\Python313\site-packages\starlette\testclient.py:399: TypeError
____________________ ERROR at setup of test_read_personas _____________________

session = <sqlmodel.orm.session.Session object at 0x000001D242EA6AD0>

    @pytest.fixture(name="client")
    def client_fixture(session: Session):
        def get_session_override():
            return session
    
        app.dependency_overrides[get_session] = get_session_override
>       client = TestClient(app)
                 ^^^^^^^^^^^^^^^

backend\tests\conftest.py:38: 
_ _ _ _ _ _ _ _ _ _ _ _ _ _ _ _ _ _ _ _ _ _ _ _ _ _ _ _ _ _ _ _ _ _ _ _ _ _ _ _

self = <starlette.testclient.TestClient object at 0x000001D242EA65D0>
app = <fastapi.applications.FastAPI object at 0x000001D242C6DE80>
base_url = 'http://testserver', raise_server_exceptions = True, root_path = ''
backend = 'asyncio', backend_options = None, cookies = None
headers = {'user-agent': 'testclient'}

    def __init__(
        self,
        app: ASGIApp,
        base_url: str = "http://testserver",
        raise_server_exceptions: bool = True,
        root_path: str = "",
        backend: str = "asyncio",
        backend_options: typing.Optional[typing.Dict[str, typing.Any]] = None,
        cookies: httpx._client.CookieTypes = None,
        headers: typing.Dict[str, str] = None,
    ) -> None:
        self.async_backend = _AsyncBackend(
            backend=backend, backend_options=backend_options or {}
        )
        if _is_asgi3(app):
            app = typing.cast(ASGI3App, app)
            asgi_app = app
        else:
            app = typing.cast(ASGI2App, app)  # type: ignore[assignment]
            asgi_app = _WrapASGI2(app)  # type: ignore[arg-type]
        self.app = asgi_app
        self.app_state: typing.Dict[str, typing.Any] = {}
        transport = _TestClientTransport(
            self.app,
            portal_factory=self._portal_factory,
            raise_server_exceptions=raise_server_exceptions,
            root_path=root_path,
            app_state=self.app_state,
        )
        if headers is None:
            headers = {}
        headers.setdefault("user-agent", "testclient")
>       super().__init__(
            app=self.app,
            base_url=base_url,
            headers=headers,
            transport=transport,
            follow_redirects=True,
            cookies=cookies,
        )
E       TypeError: Client.__init__() got an unexpected keyword argument 'app'

C:\Users\WoodMe\AppData\Roaming\Python\Python313\site-packages\starlette\testclient.py:399: TypeError
_________________ ERROR at setup of test_source_config_nested _________________

session = <sqlmodel.orm.session.Session object at 0x000001D242EA7890>

    @pytest.fixture(name="client")
    def client_fixture(session: Session):
        def get_session_override():
            return session
    
        app.dependency_overrides[get_session] = get_session_override
>       client = TestClient(app)
                 ^^^^^^^^^^^^^^^

backend\tests\conftest.py:38: 
_ _ _ _ _ _ _ _ _ _ _ _ _ _ _ _ _ _ _ _ _ _ _ _ _ _ _ _ _ _ _ _ _ _ _ _ _ _ _ _

self = <starlette.testclient.TestClient object at 0x000001D242EA7610>
app = <fastapi.applications.FastAPI object at 0x000001D242C6DE80>
base_url = 'http://testserver', raise_server_exceptions = True, root_path = ''
backend = 'asyncio', backend_options = None, cookies = None
headers = {'user-agent': 'testclient'}

    def __init__(
        self,
        app: ASGIApp,
        base_url: str = "http://testserver",
        raise_server_exceptions: bool = True,
        root_path: str = "",
        backend: str = "asyncio",
        backend_options: typing.Optional[typing.Dict[str, typing.Any]] = None,
        cookies: httpx._client.CookieTypes = None,
        headers: typing.Dict[str, str] = None,
    ) -> None:
        self.async_backend = _AsyncBackend(
            backend=backend, backend_options=backend_options or {}
        )
        if _is_asgi3(app):
            app = typing.cast(ASGI3App, app)
            asgi_app = app
        else:
            app = typing.cast(ASGI2App, app)  # type: ignore[assignment]
            asgi_app = _WrapASGI2(app)  # type: ignore[arg-type]
        self.app = asgi_app
        self.app_state: typing.Dict[str, typing.Any] = {}
        transport = _TestClientTransport(
            self.app,
            portal_factory=self._portal_factory,
            raise_server_exceptions=raise_server_exceptions,
            root_path=root_path,
            app_state=self.app_state,
        )
        if headers is None:
            headers = {}
        headers.setdefault("user-agent", "testclient")
>       super().__init__(
            app=self.app,
            base_url=base_url,
            headers=headers,
            transport=transport,
            follow_redirects=True,
            cookies=cookies,
        )
E       TypeError: Client.__init__() got an unexpected keyword argument 'app'

C:\Users\WoodMe\AppData\Roaming\Python\Python313\site-packages\starlette\testclient.py:399: TypeError
_____________________ ERROR at setup of test_create_topic _____________________

session = <sqlmodel.orm.session.Session object at 0x000001D242F29220>

    @pytest.fixture(name="client")
    def client_fixture(session: Session):
        def get_session_override():
            return session
    
        app.dependency_overrides[get_session] = get_session_override
>       client = TestClient(app)
                 ^^^^^^^^^^^^^^^

backend\tests\conftest.py:38: 
_ _ _ _ _ _ _ _ _ _ _ _ _ _ _ _ _ _ _ _ _ _ _ _ _ _ _ _ _ _ _ _ _ _ _ _ _ _ _ _

self = <starlette.testclient.TestClient object at 0x000001D242F29350>
app = <fastapi.applications.FastAPI object at 0x000001D242C6DE80>
base_url = 'http://testserver', raise_server_exceptions = True, root_path = ''
backend = 'asyncio', backend_options = None, cookies = None
headers = {'user-agent': 'testclient'}

    def __init__(
        self,
        app: ASGIApp,
        base_url: str = "http://testserver",
        raise_server_exceptions: bool = True,
        root_path: str = "",
        backend: str = "asyncio",
        backend_options: typing.Optional[typing.Dict[str, typing.Any]] = None,
        cookies: httpx._client.CookieTypes = None,
        headers: typing.Dict[str, str] = None,
    ) -> None:
        self.async_backend = _AsyncBackend(
            backend=backend, backend_options=backend_options or {}
        )
        if _is_asgi3(app):
            app = typing.cast(ASGI3App, app)
            asgi_app = app
        else:
            app = typing.cast(ASGI2App, app)  # type: ignore[assignment]
            asgi_app = _WrapASGI2(app)  # type: ignore[arg-type]
        self.app = asgi_app
        self.app_state: typing.Dict[str, typing.Any] = {}
        transport = _TestClientTransport(
            self.app,
            portal_factory=self._portal_factory,
            raise_server_exceptions=raise_server_exceptions,
            root_path=root_path,
            app_state=self.app_state,
        )
        if headers is None:
            headers = {}
        headers.setdefault("user-agent", "testclient")
>       super().__init__(
            app=self.app,
            base_url=base_url,
            headers=headers,
            transport=transport,
            follow_redirects=True,
            cookies=cookies,
        )
E       TypeError: Client.__init__() got an unexpected keyword argument 'app'

C:\Users\WoodMe\AppData\Roaming\Python\Python313\site-packages\starlette\testclient.py:399: TypeError
_________________ ERROR at setup of test_dashboard_feed_mock __________________

session = <sqlmodel.orm.session.Session object at 0x000001D242EF6FD0>

    @pytest.fixture(name="client")
    def client_fixture(session: Session):
        def get_session_override():
            return session
    
        app.dependency_overrides[get_session] = get_session_override
>       client = TestClient(app)
                 ^^^^^^^^^^^^^^^

backend\tests\conftest.py:38: 
_ _ _ _ _ _ _ _ _ _ _ _ _ _ _ _ _ _ _ _ _ _ _ _ _ _ _ _ _ _ _ _ _ _ _ _ _ _ _ _

self = <starlette.testclient.TestClient object at 0x000001D242EF7360>
app = <fastapi.applications.FastAPI object at 0x000001D242C6DE80>
base_url = 'http://testserver', raise_server_exceptions = True, root_path = ''
backend = 'asyncio', backend_options = None, cookies = None
headers = {'user-agent': 'testclient'}

    def __init__(
        self,
        app: ASGIApp,
        base_url: str = "http://testserver",
        raise_server_exceptions: bool = True,
        root_path: str = "",
        backend: str = "asyncio",
        backend_options: typing.Optional[typing.Dict[str, typing.Any]] = None,
        cookies: httpx._client.CookieTypes = None,
        headers: typing.Dict[str, str] = None,
    ) -> None:
        self.async_backend = _AsyncBackend(
            backend=backend, backend_options=backend_options or {}
        )
        if _is_asgi3(app):
            app = typing.cast(ASGI3App, app)
            asgi_app = app
        else:
            app = typing.cast(ASGI2App, app)  # type: ignore[assignment]
            asgi_app = _WrapASGI2(app)  # type: ignore[arg-type]
        self.app = asgi_app
        self.app_state: typing.Dict[str, typing.Any] = {}
        transport = _TestClientTransport(
            self.app,
            portal_factory=self._portal_factory,
            raise_server_exceptions=raise_server_exceptions,
            root_path=root_path,
            app_state=self.app_state,
        )
        if headers is None:
            headers = {}
        headers.setdefault("user-agent", "testclient")
>       super().__init__(
            app=self.app,
            base_url=base_url,
            headers=headers,
            transport=transport,
            follow_redirects=True,
            cookies=cookies,
        )
E       TypeError: Client.__init__() got an unexpected keyword argument 'app'

C:\Users\WoodMe\AppData\Roaming\Python\Python313\site-packages\starlette\testclient.py:399: TypeError
________________ ERROR at setup of test_script_generation_mock ________________

session = <sqlmodel.orm.session.Session object at 0x000001D242EAA9F0>

    @pytest.fixture(name="client")
    def client_fixture(session: Session):
        def get_session_override():
            return session
    
        app.dependency_overrides[get_session] = get_session_override
>       client = TestClient(app)
                 ^^^^^^^^^^^^^^^

backend\tests\conftest.py:38: 
_ _ _ _ _ _ _ _ _ _ _ _ _ _ _ _ _ _ _ _ _ _ _ _ _ _ _ _ _ _ _ _ _ _ _ _ _ _ _ _

self = <starlette.testclient.TestClient object at 0x000001D242E28EF0>
app = <fastapi.applications.FastAPI object at 0x000001D242C6DE80>
base_url = 'http://testserver', raise_server_exceptions = True, root_path = ''
backend = 'asyncio', backend_options = None, cookies = None
headers = {'user-agent': 'testclient'}

    def __init__(
        self,
        app: ASGIApp,
        base_url: str = "http://testserver",
        raise_server_exceptions: bool = True,
        root_path: str = "",
        backend: str = "asyncio",
        backend_options: typing.Optional[typing.Dict[str, typing.Any]] = None,
        cookies: httpx._client.CookieTypes = None,
        headers: typing.Dict[str, str] = None,
    ) -> None:
        self.async_backend = _AsyncBackend(
            backend=backend, backend_options=backend_options or {}
        )
        if _is_asgi3(app):
            app = typing.cast(ASGI3App, app)
            asgi_app = app
        else:
            app = typing.cast(ASGI2App, app)  # type: ignore[assignment]
            asgi_app = _WrapASGI2(app)  # type: ignore[arg-type]
        self.app = asgi_app
        self.app_state: typing.Dict[str, typing.Any] = {}
        transport = _TestClientTransport(
            self.app,
            portal_factory=self._portal_factory,
            raise_server_exceptions=raise_server_exceptions,
            root_path=root_path,
            app_state=self.app_state,
        )
        if headers is None:
            headers = {}
        headers.setdefault("user-agent", "testclient")
>       super().__init__(
            app=self.app,
            base_url=base_url,
            headers=headers,
            transport=transport,
            follow_redirects=True,
            cookies=cookies,
        )
E       TypeError: Client.__init__() got an unexpected keyword argument 'app'

C:\Users\WoodMe\AppData\Roaming\Python\Python313\site-packages\starlette\testclient.py:399: TypeError
============================== warnings summary ===============================
backend\main.py:24
  D:\Project\Buddy\backend\main.py:24: DeprecationWarning: 
          on_event is deprecated, use lifespan event handlers instead.
  
          Read more about it in the
          [FastAPI docs for Lifespan Events](https://fastapi.tiangolo.com/advanced/events/).
          
    @app.on_event("startup")

C:\Users\WoodMe\AppData\Roaming\Python\Python313\site-packages\fastapi\applications.py:4547
  C:\Users\WoodMe\AppData\Roaming\Python\Python313\site-packages\fastapi\applications.py:4547: DeprecationWarning: 
          on_event is deprecated, use lifespan event handlers instead.
  
          Read more about it in the
          [FastAPI docs for Lifespan Events](https://fastapi.tiangolo.com/advanced/events/).
          
    return self.router.on_event(event_type)

-- Docs: https://docs.pytest.org/en/stable/how-to/capture-warnings.html
=========================== short test summary info ===========================
ERROR backend/tests/test_api.py::test_create_persona - TypeError: Client.__in...
ERROR backend/tests/test_api.py::test_read_personas - TypeError: Client.__ini...
ERROR backend/tests/test_api.py::test_source_config_nested - TypeError: Clien...
ERROR backend/tests/test_api.py::test_create_topic - TypeError: Client.__init...
ERROR backend/tests/test_api.py::test_dashboard_feed_mock - TypeError: Client...
ERROR backend/tests/test_api.py::test_script_generation_mock - TypeError: Cli...
======================== 2 warnings, 6 errors in 0.14s ========================
